========================================
Запуск ежедневного бэкапа: пятница, 17 октября 2025 г. 14:56:31 (MSK)
Активация виртуального окружения...
Создание резервной копии...
Резервная копия создана успешно
Очистка старых резервных копий (старше 30 дней)...
Очистка завершена успешно
Проверка места на диске...
Filesystem      Size    Used   Avail Capacity iused ifree %iused  Mounted on
/dev/disk1s1   233Gi   189Gi    29Gi    87%    2,1M  307M    1%   /System/Volumes/Data
Завершение: пятница, 17 октября 2025 г. 14:56:34 (MSK)
========================================
========================================
Запуск ежедневного бэкапа: пятница, 17 октября 2025 г. 15:10:14 (MSK)
Активация виртуального окружения...
Создание резервной копии...
Резервная копия создана успешно
Очистка старых резервных копий (старше 30 дней)...
Очистка завершена успешно
Проверка места на диске...
Filesystem      Size    Used   Avail Capacity iused ifree %iused  Mounted on
/dev/disk1s1   233Gi   189Gi    29Gi    87%    2,2M  304M    1%   /System/Volumes/Data
Завершение: пятница, 17 октября 2025 г. 15:10:18 (MSK)
========================================
